// Jest Snapshot v1, https://goo.gl/fbAQLP

exports[`<Pressure /> should match snapshot 1`] = `
<div
  className="sliderContainer"
>
  <div
    className="sliderLabel"
  >
    Pressure [ hPa ]
  </div>
  <input
    className="customSlider"
    max={1030}
    min={970}
    onChange={[Function]}
    type="range"
    value={30}
  />
  <div
    className="rangeValue"
  >
    <span
      style={
        Object {
          "left": "calc(-1566.6666666666667% + (313.33333333333337px))",
        }
      }
    >
      30
    </span>
  </div>
</div>
`;
