// Jest Snapshot v1, https://goo.gl/fbAQLP

exports[`<Slider /> should match snapshot 1`] = `
<div
  className="sliderContainer"
>
  <div
    className="sliderLabel"
  >
    test
  </div>
  <input
    className="customSlider"
    max={100}
    min={10}
    onChange={[Function]}
    type="range"
    value={20}
  />
  <div
    className="rangeValue"
  >
    <span
      style={
        Object {
          "left": "calc(11.11111111111111% + (-2.2222222222222223px))",
        }
      }
    >
      20
    </span>
  </div>
</div>
`;
